---
source: src/lexer.rs
expression: "lex(\"// hello\\n// world\\n// hello world\")"
---
[]

