---
source: src/lexer.rs
expression: "lex(r#\"\"hello\" \"world\" \"hello world\"\"#)"
---
- String: "\"hello\""
- String: "\"world\""
- String: "\"hello world\""

