---
source: src/lexer.rs
expression: "lex(\"true false true false\")"
---
- Boolean: true
- Boolean: false
- Boolean: true
- Boolean: false

