---
source: src/lexer.rs
expression: "lex(\"123 456 789\")"
---
- Integer: 123
- Integer: 456
- Integer: 789

